[2025-01-07 11:27:46] Initial entry #0
[2025-01-07 11:27:46] Initial entry #1
[2025-01-07 11:27:46] Initial entry #2
[2025-01-07 11:27:46] Initial entry #3
[2025-01-07 11:27:46] Initial entry #4
[2025-01-07 11:27:46] Initial entry #5
[2025-01-07 11:27:46] Initial entry #6
[2025-01-07 11:27:46] Initial entry #7
[2025-01-07 11:27:46] Initial entry #8
[2025-01-07 11:27:46] Initial entry #9
[2025-01-07 11:27:46] Initial entry #10
[2025-01-07 11:27:46] Initial entry #11
[2025-01-07 11:27:46] Initial entry #12
[2025-01-07 11:27:46] Initial entry #13
[2025-01-07 11:27:46] Initial entry #14
[2025-01-07 11:27:46] Live log entry #1 - Sample log message
[2025-01-07 11:27:48] Live log entry #2 - Sample log message
[2025-01-07 11:27:50] Live log entry #3 - Sample log message
[2025-01-07 11:27:52] Live log entry #4 - Sample log message
[2025-01-07 11:27:54] Live log entry #5 - Sample log message
[2025-01-07 11:27:56] Live log entry #6 - Sample log message
[2025-01-07 11:27:58] Live log entry #7 - Sample log message
[2025-01-07 11:28:00] Live log entry #8 - Sample log message
[2025-01-07 11:28:02] Live log entry #9 - Sample log message
[2025-01-07 11:28:04] Live log entry #10 - Sample log message
[2025-01-07 11:28:06] Live log entry #11 - Sample log message
[2025-01-07 11:28:08] Live log entry #12 - Sample log message
[2025-01-07 11:28:10] Live log entry #13 - Sample log message
[2025-01-07 11:28:12] Live log entry #14 - Sample log message
[2025-01-07 11:28:14] Live log entry #15 - Sample log message
[2025-01-07 11:28:16] Live log entry #16 - Sample log message
